******************************************************************************
                  TI ARM Linker Unix v16.9.0                   
******************************************************************************
>> Linked Thu May 11 10:58:44 2017

OUTPUT FILE NAME:   <Lab9.out>
ENTRY POINT SYMBOL: "_c_int00"  address: 0000272d


MEMORY CONFIGURATION

         name            origin    length      used     unused   attr    fill
----------------------  --------  ---------  --------  --------  ----  --------
  MAIN                  00000000   00040000  00002b6c  0003d494  R  X
  INFO                  00200000   00004000  00000000  00004000  R  X
  SRAM_CODE             01000000   00010000  00000000  00010000  RW X
  SRAM_DATA             20000000   00010000  00000248  0000fdb8  RW  


SEGMENT ALLOCATION MAP

run origin  load origin   length   init length attrs members
----------  ----------- ---------- ----------- ----- -------
00000000    00000000    00002b70   00002b70    r-x
  00000000    00000000    000000e4   000000e4    r-- .intvecs
  000000e4    000000e4    00002858   00002858    r-x .text
  00002940    00002940    000001f0   000001f0    r-- .const
  00002b30    00002b30    00000040   00000040    r-- .cinit
20000000    20000000    00000048   00000000    rw-
  20000000    20000000    00000028   00000000    rw- .data
  20000028    20000028    00000020   00000000    rw- .bss
2000fe00    2000fe00    00000200   00000000    rw-
  2000fe00    2000fe00    00000200   00000000    rw- .stack


SECTION ALLOCATION MAP

 output                                  attributes/
section   page    origin      length       input sections
--------  ----  ----------  ----------   ----------------
.intvecs   0    00000000    000000e4     
                  00000000    000000e4     startup_msp432p401r_ccs.obj (.intvecs:retain)

.text      0    000000e4    00002858     
                  000000e4    00000738     rtsv7M4_T_le_v4SPD16_eabi.lib : k_rem_pio2.obj (.text)
                  0000081c    000005dc                                   : s_cos.obj (.text)
                  00000df8    000003a8     main.obj (.text)
                  000011a0    00000370     system_msp432p401r.obj (.text)
                  00001510    000002ec     rtsv7M4_T_le_v4SPD16_eabi.lib : s_atan.obj (.text)
                  000017fc    000001ec                                   : e_atan2.obj (.text)
                  000019e8    000001b6                                   : fd_add_t2.obj (.text)
                  00001b9e    00000002                                   : mpu_init.obj (.text)
                  00001ba0    00000174                                   : k_sin.obj (.text)
                  00001d14    0000016c                                   : k_cos.obj (.text)
                  00001e80    00000136                                   : fd_div_t2.obj (.text)
                  00001fb6    00000002                                   : startup.obj (.text)
                  00001fb8    00000118     PWM.obj (.text)
                  000020d0    000000fc     rtsv7M4_T_le_v4SPD16_eabi.lib : fd_mul_t2.obj (.text)
                  000021cc    000000fc                                   : s_scalbn.obj (.text)
                  000022c8    000000f8                                   : s_floor.obj (.text)
                  000023c0    0000009c                                   : memcpy_t2.obj (.text)
                  0000245c    00000086                                   : fd_cmp_t2.obj (.text:__aeabi_cdcmple)
                  000024e2    00000086                                   : fd_cmp_t2.obj (.text:__aeabi_cdrcmple)
                  00002568    0000007a                                   : memset_t2.obj (.text)
                  000025e2    00000002     --HOLE-- [fill = 0]
                  000025e4    00000070                                   : autoinit.obj (.text)
                  00002654    0000006e                                   : fd_tos_t2.obj (.text)
                  000026c2    00000068                                   : copy_decompress_lzss.obj (.text:decompress:lzss)
                  0000272a    00000002     --HOLE-- [fill = 0]
                  0000272c    00000054                                   : boot.obj (.text)
                  00002780    00000054                                   : exit.obj (.text)
                  000027d4    0000004c                                   : cpy_tbl.obj (.text)
                  00002820    00000048                                   : fd_toi_t2.obj (.text)
                  00002868    00000038                                   : fs_tod_t2.obj (.text)
                  000028a0    0000002e                                   : i_tofd_t2.obj (.text)
                  000028ce    00000002     --HOLE-- [fill = 0]
                  000028d0    00000018                                   : args_main.obj (.text)
                  000028e8    00000014                                   : _lock.obj (.text)
                  000028fc    00000014                                   : s_copysign.obj (.text)
                  00002910    0000000e                                   : copy_decompress_none.obj (.text:decompress:none)
                  0000291e    0000000e     startup_msp432p401r_ccs.obj (.text)
                  0000292c    0000000c     rtsv7M4_T_le_v4SPD16_eabi.lib : copy_zero_init.obj (.text:decompress:ZI)
                  00002938    00000004                                   : pre_init.obj (.text)

.const     0    00002940    000001f0     
                  00002940    00000158     rtsv7M4_T_le_v4SPD16_eabi.lib : k_rem_pio2.obj (.const:$O1$$)
                  00002a98    00000098                                   : s_atan.obj (.const:$O1$$)

.cinit     0    00002b30    00000040     
                  00002b30    0000001b     (.cinit..data.load) [load image, compression = lzss]
                  00002b4b    00000001     --HOLE-- [fill = 0]
                  00002b4c    0000000c     (__TI_handler_table)
                  00002b58    00000008     (.cinit..bss.load) [load image, compression = zero_init]
                  00002b60    00000010     (__TI_cinit_table)

.data      0    20000000    00000028     UNINITIALIZED
                  20000000    0000000c     rtsv7M4_T_le_v4SPD16_eabi.lib : exit.obj (.data:$O1$$)
                  2000000c    00000008                                   : _lock.obj (.data:$O1$$)
                  20000014    00000008     main.obj (.data)
                  2000001c    00000004     rtsv7M4_T_le_v4SPD16_eabi.lib : errno.obj (.data)
                  20000020    00000004                                   : stkdepth_vars.obj (.data)
                  20000024    00000004     system_msp432p401r.obj (.data)

.bss       0    20000028    00000020     UNINITIALIZED
                  20000028    00000004     (.common:back_time)
                  2000002c    00000004     (.common:dist)
                  20000030    00000004     (.common:forward_time)
                  20000034    00000004     (.common:front_time)
                  20000038    00000004     (.common:gamma)
                  2000003c    00000004     (.common:h)
                  20000040    00000004     (.common:target_angle)
                  20000044    00000004     (.common:theta)

.stack     0    2000fe00    00000200     UNINITIALIZED
                  2000fe00    00000200     --HOLE--

MODULE SUMMARY

       Module                        code    ro data   rw data
       ------                        ----    -------   -------
    ./
       main.obj                      936     0         40     
       system_msp432p401r.obj        880     0         4      
       PWM.obj                       280     0         0      
       startup_msp432p401r_ccs.obj   14      228       0      
    +--+-----------------------------+-------+---------+---------+
       Total:                        2110    228       44     
                                                              
    /Applications/ti/ccsv7/tools/compiler/ti-cgt-arm_16.9.0.LTS/lib/rtsv7M4_T_le_v4SPD16_eabi.lib
       k_rem_pio2.obj                1848    344       0      
       s_cos.obj                     1500    0         0      
       s_atan.obj                    748     152       0      
       e_atan2.obj                   492     0         0      
       fd_add_t2.obj                 438     0         0      
       k_sin.obj                     372     0         0      
       k_cos.obj                     364     0         0      
       fd_div_t2.obj                 310     0         0      
       fd_cmp_t2.obj                 268     0         0      
       fd_mul_t2.obj                 252     0         0      
       s_scalbn.obj                  252     0         0      
       s_floor.obj                   248     0         0      
       memcpy_t2.obj                 156     0         0      
       memset_t2.obj                 122     0         0      
       autoinit.obj                  112     0         0      
       fd_tos_t2.obj                 110     0         0      
       copy_decompress_lzss.obj      104     0         0      
       exit.obj                      84      0         12     
       boot.obj                      84      0         0      
       cpy_tbl.obj                   76      0         0      
       fd_toi_t2.obj                 72      0         0      
       fs_tod_t2.obj                 56      0         0      
       i_tofd_t2.obj                 46      0         0      
       _lock.obj                     20      0         8      
       args_main.obj                 24      0         0      
       s_copysign.obj                20      0         0      
       copy_decompress_none.obj      14      0         0      
       copy_zero_init.obj            12      0         0      
       errno.obj                     0       0         4      
       pre_init.obj                  4       0         0      
       stkdepth_vars.obj             0       0         4      
       mpu_init.obj                  2       0         0      
       startup.obj                   2       0         0      
    +--+-----------------------------+-------+---------+---------+
       Total:                        8212    496       28     
                                                              
       Stack:                        0       0         512    
       Linker Generated:             0       63        0      
    +--+-----------------------------+-------+---------+---------+
       Grand Total:                  10322   787       584    


LINKER GENERATED COPY TABLES

__TI_cinit_table @ 00002b60 records: 2, size/record: 8, table size: 16
	.data: load addr=00002b30, load size=0000001b bytes, run addr=20000000, run size=00000028 bytes, compression=lzss
	.bss: load addr=00002b58, load size=00000008 bytes, run addr=20000028, run size=00000020 bytes, compression=zero_init


LINKER GENERATED HANDLER TABLE

__TI_handler_table @ 00002b4c records: 3, size/record: 4, table size: 12
	index: 0, handler: __TI_decompress_lzss
	index: 1, handler: __TI_decompress_none
	index: 2, handler: __TI_zero_init


GLOBAL SYMBOLS: SORTED ALPHABETICALLY BY Name 

address   name                           
-------   ----                           
0000292b  ADC14_IRQHandler               
0000292b  AES256_IRQHandler              
0000292b  BusFault_Handler               
00002781  C$$EXIT                        
0000292b  COMP_E0_IRQHandler             
0000292b  COMP_E1_IRQHandler             
0000292b  CS_IRQHandler                  
0000292b  DMA_ERR_IRQHandler             
0000292b  DMA_INT0_IRQHandler            
0000292b  DMA_INT1_IRQHandler            
0000292b  DMA_INT2_IRQHandler            
0000292b  DMA_INT3_IRQHandler            
0000292b  DebugMon_Handler               
0000292b  Default_Handler                
0000292b  EUSCIA0_IRQHandler             
0000292b  EUSCIA1_IRQHandler             
0000292b  EUSCIA2_IRQHandler             
0000292b  EUSCIA3_IRQHandler             
0000292b  EUSCIB0_IRQHandler             
0000292b  EUSCIB1_IRQHandler             
0000292b  EUSCIB2_IRQHandler             
0000292b  EUSCIB3_IRQHandler             
0000292b  FLCTL_IRQHandler               
0000292b  FPU_IRQHandler                 
0000292b  HardFault_Handler              
0000292b  MemManage_Handler              
0000292b  NMI_Handler                    
0000292b  PCM_IRQHandler                 
0000292b  PORT1_IRQHandler               
0000292b  PORT2_IRQHandler               
0000292b  PORT3_IRQHandler               
0000292b  PORT4_IRQHandler               
0000292b  PORT5_IRQHandler               
0000292b  PORT6_IRQHandler               
0000292b  PSS_IRQHandler                 
0000205b  PWM_Duty1                      
0000207b  PWM_Duty2                      
00001fb9  PWM_Init                       
0000292b  PendSV_Handler                 
0000292b  RTC_C_IRQHandler               
0000291f  Reset_Handler                  
UNDEFED   SHT$$INIT_ARRAY$$Base          
UNDEFED   SHT$$INIT_ARRAY$$Limit         
0000292b  SVC_Handler                    
0000292b  SysTick_Handler                
20000024  SystemCoreClock                
000011a1  SystemCoreClockUpdate          
00001415  SystemInit                     
0000292b  T32_INT1_IRQHandler            
0000292b  T32_INT2_IRQHandler            
0000292b  T32_INTC_IRQHandler            
0000292b  TA0_0_IRQHandler               
0000292b  TA0_N_IRQHandler               
0000292b  TA1_0_IRQHandler               
0000292b  TA1_N_IRQHandler               
0000292b  TA2_0_IRQHandler               
0000292b  TA2_N_IRQHandler               
0000292b  TA3_0_IRQHandler               
0000292b  TA3_N_IRQHandler               
0000292b  UsageFault_Handler             
4000480c  WDTCTL_SYM                     
0000292b  WDT_A_IRQHandler               
20010000  __STACK_END                    
00000200  __STACK_SIZE                   
00002b60  __TI_CINIT_Base                
00002b70  __TI_CINIT_Limit               
00002b4c  __TI_Handler_Table_Base        
00002b58  __TI_Handler_Table_Limit       
000025e5  __TI_auto_init                 
20000000  __TI_cleanup_ptr               
000026c3  __TI_decompress_lzss           
00002911  __TI_decompress_none           
20000004  __TI_dtors_ptr                 
20000008  __TI_enable_exit_profile_output
ffffffff  __TI_pprof_out_hndl            
ffffffff  __TI_prof_data_size            
ffffffff  __TI_prof_data_start           
00000000  __TI_static_base__             
0000292d  __TI_zero_init                 
0000245d  __aeabi_cdcmpeq                
0000245d  __aeabi_cdcmple                
000024e3  __aeabi_cdrcmple               
00002655  __aeabi_d2f                    
00002821  __aeabi_d2iz                   
000019f3  __aeabi_dadd                   
00001e81  __aeabi_ddiv                   
000020d1  __aeabi_dmul                   
000019e9  __aeabi_dsub                   
00002869  __aeabi_f2d                    
000028a1  __aeabi_i2d                    
00002569  __aeabi_memclr                 
00002569  __aeabi_memclr4                
00002569  __aeabi_memclr8                
000023c1  __aeabi_memcpy                 
000023c1  __aeabi_memcpy4                
000023c1  __aeabi_memcpy8                
0000256b  __aeabi_memset                 
0000256b  __aeabi_memset4                
0000256b  __aeabi_memset8                
ffffffff  __binit__                      
ffffffff  __c_args__                     
00001d15  __kernel_cos                   
000000e5  __kernel_rem_pio2              
00001ba1  __kernel_sin                   
00001b9f  __mpu_init                     
2000fe00  __stack                        
000028d1  _args_main                     
0000272d  _c_int00                       
2000000c  _lock                          
000028f7  _nop                           
000028ef  _register_lock                 
000028e9  _register_unlock               
00001fb7  _system_post_cinit             
00002939  _system_pre_init               
20000010  _unlock                        
00002785  abort                          
00001511  atan                           
000017fd  atan2                          
000017fd  atan2l                         
00001511  atanl                          
20000028  back_time                      
ffffffff  binit                          
000027d5  copy_in                        
000028fd  copysign                       
000028fd  copysignl                      
0000081d  cos                            
0000081d  cosl                           
00000e51  delay                          
2000002c  dist                           
2000001c  errno                          
0000278d  exit                           
000022c9  floor                          
000022c9  floorl                         
20000030  forward_time                   
20000034  front_time                     
20000038  gamma                          
2000003c  h                              
00000000  interruptVectors               
20000018  k                              
000021cd  ldexp                          
000021cd  ldexpl                         
00000f2d  main                           
20000020  main_func_sp                   
00000e25  max                            
000023c1  memcpy                         
00002571  memset                         
00000df9  min                            
00000e95  ping                           
000021cd  scalbn                         
000021cd  scalbnl                        
20000040  target_angle                   
20000014  target_d                       
20000044  theta                          


GLOBAL SYMBOLS: SORTED BY Symbol Address 

address   name                           
-------   ----                           
00000000  __TI_static_base__             
00000000  interruptVectors               
000000e5  __kernel_rem_pio2              
00000200  __STACK_SIZE                   
0000081d  cos                            
0000081d  cosl                           
00000df9  min                            
00000e25  max                            
00000e51  delay                          
00000e95  ping                           
00000f2d  main                           
000011a1  SystemCoreClockUpdate          
00001415  SystemInit                     
00001511  atan                           
00001511  atanl                          
000017fd  atan2                          
000017fd  atan2l                         
000019e9  __aeabi_dsub                   
000019f3  __aeabi_dadd                   
00001b9f  __mpu_init                     
00001ba1  __kernel_sin                   
00001d15  __kernel_cos                   
00001e81  __aeabi_ddiv                   
00001fb7  _system_post_cinit             
00001fb9  PWM_Init                       
0000205b  PWM_Duty1                      
0000207b  PWM_Duty2                      
000020d1  __aeabi_dmul                   
000021cd  ldexp                          
000021cd  ldexpl                         
000021cd  scalbn                         
000021cd  scalbnl                        
000022c9  floor                          
000022c9  floorl                         
000023c1  __aeabi_memcpy                 
000023c1  __aeabi_memcpy4                
000023c1  __aeabi_memcpy8                
000023c1  memcpy                         
0000245d  __aeabi_cdcmpeq                
0000245d  __aeabi_cdcmple                
000024e3  __aeabi_cdrcmple               
00002569  __aeabi_memclr                 
00002569  __aeabi_memclr4                
00002569  __aeabi_memclr8                
0000256b  __aeabi_memset                 
0000256b  __aeabi_memset4                
0000256b  __aeabi_memset8                
00002571  memset                         
000025e5  __TI_auto_init                 
00002655  __aeabi_d2f                    
000026c3  __TI_decompress_lzss           
0000272d  _c_int00                       
00002781  C$$EXIT                        
00002785  abort                          
0000278d  exit                           
000027d5  copy_in                        
00002821  __aeabi_d2iz                   
00002869  __aeabi_f2d                    
000028a1  __aeabi_i2d                    
000028d1  _args_main                     
000028e9  _register_unlock               
000028ef  _register_lock                 
000028f7  _nop                           
000028fd  copysign                       
000028fd  copysignl                      
00002911  __TI_decompress_none           
0000291f  Reset_Handler                  
0000292b  ADC14_IRQHandler               
0000292b  AES256_IRQHandler              
0000292b  BusFault_Handler               
0000292b  COMP_E0_IRQHandler             
0000292b  COMP_E1_IRQHandler             
0000292b  CS_IRQHandler                  
0000292b  DMA_ERR_IRQHandler             
0000292b  DMA_INT0_IRQHandler            
0000292b  DMA_INT1_IRQHandler            
0000292b  DMA_INT2_IRQHandler            
0000292b  DMA_INT3_IRQHandler            
0000292b  DebugMon_Handler               
0000292b  Default_Handler                
0000292b  EUSCIA0_IRQHandler             
0000292b  EUSCIA1_IRQHandler             
0000292b  EUSCIA2_IRQHandler             
0000292b  EUSCIA3_IRQHandler             
0000292b  EUSCIB0_IRQHandler             
0000292b  EUSCIB1_IRQHandler             
0000292b  EUSCIB2_IRQHandler             
0000292b  EUSCIB3_IRQHandler             
0000292b  FLCTL_IRQHandler               
0000292b  FPU_IRQHandler                 
0000292b  HardFault_Handler              
0000292b  MemManage_Handler              
0000292b  NMI_Handler                    
0000292b  PCM_IRQHandler                 
0000292b  PORT1_IRQHandler               
0000292b  PORT2_IRQHandler               
0000292b  PORT3_IRQHandler               
0000292b  PORT4_IRQHandler               
0000292b  PORT5_IRQHandler               
0000292b  PORT6_IRQHandler               
0000292b  PSS_IRQHandler                 
0000292b  PendSV_Handler                 
0000292b  RTC_C_IRQHandler               
0000292b  SVC_Handler                    
0000292b  SysTick_Handler                
0000292b  T32_INT1_IRQHandler            
0000292b  T32_INT2_IRQHandler            
0000292b  T32_INTC_IRQHandler            
0000292b  TA0_0_IRQHandler               
0000292b  TA0_N_IRQHandler               
0000292b  TA1_0_IRQHandler               
0000292b  TA1_N_IRQHandler               
0000292b  TA2_0_IRQHandler               
0000292b  TA2_N_IRQHandler               
0000292b  TA3_0_IRQHandler               
0000292b  TA3_N_IRQHandler               
0000292b  UsageFault_Handler             
0000292b  WDT_A_IRQHandler               
0000292d  __TI_zero_init                 
00002939  _system_pre_init               
00002b4c  __TI_Handler_Table_Base        
00002b58  __TI_Handler_Table_Limit       
00002b60  __TI_CINIT_Base                
00002b70  __TI_CINIT_Limit               
20000000  __TI_cleanup_ptr               
20000004  __TI_dtors_ptr                 
20000008  __TI_enable_exit_profile_output
2000000c  _lock                          
20000010  _unlock                        
20000014  target_d                       
20000018  k                              
2000001c  errno                          
20000020  main_func_sp                   
20000024  SystemCoreClock                
20000028  back_time                      
2000002c  dist                           
20000030  forward_time                   
20000034  front_time                     
20000038  gamma                          
2000003c  h                              
20000040  target_angle                   
20000044  theta                          
2000fe00  __stack                        
20010000  __STACK_END                    
4000480c  WDTCTL_SYM                     
ffffffff  __TI_pprof_out_hndl            
ffffffff  __TI_prof_data_size            
ffffffff  __TI_prof_data_start           
ffffffff  __binit__                      
ffffffff  __c_args__                     
ffffffff  binit                          
UNDEFED   SHT$$INIT_ARRAY$$Base          
UNDEFED   SHT$$INIT_ARRAY$$Limit         

[153 symbols]
